Archive member included to satisfy reference by file (symbol)

D:/stm32cubeIDE/STM32CubeIDE_1.17.0/STM32CubeIDE/plugins/com.st.stm32cube.ide.mcu.externaltools.gnu-tools-for-stm32.12.3.rel1.win32_1.1.0.202410251130/tools/bin/../lib/gcc/arm-none-eabi/12.3.1/../../../../arm-none-eabi/lib/thumb/v7e-m+fp/hard\libc_nano.a(libc_a-exit.o)
                              D:/stm32cubeIDE/STM32CubeIDE_1.17.0/STM32CubeIDE/plugins/com.st.stm32cube.ide.mcu.externaltools.gnu-tools-for-stm32.12.3.rel1.win32_1.1.0.202410251130/tools/bin/../lib/gcc/arm-none-eabi/12.3.1/../../../../arm-none-eabi/lib/thumb/v7e-m+fp/hard/crt0.o (exit)
D:/stm32cubeIDE/STM32CubeIDE_1.17.0/STM32CubeIDE/plugins/com.st.stm32cube.ide.mcu.externaltools.gnu-tools-for-stm32.12.3.rel1.win32_1.1.0.202410251130/tools/bin/../lib/gcc/arm-none-eabi/12.3.1/../../../../arm-none-eabi/lib/thumb/v7e-m+fp/hard\libc_nano.a(libc_a-findfp.o)
                              D:/stm32cubeIDE/STM32CubeIDE_1.17.0/STM32CubeIDE/plugins/com.st.stm32cube.ide.mcu.externaltools.gnu-tools-for-stm32.12.3.rel1.win32_1.1.0.202410251130/tools/bin/../lib/gcc/arm-none-eabi/12.3.1/../../../../arm-none-eabi/lib/thumb/v7e-m+fp/hard\libc_nano.a(libc_a-exit.o) (__stdio_exit_handler)
D:/stm32cubeIDE/STM32CubeIDE_1.17.0/STM32CubeIDE/plugins/com.st.stm32cube.ide.mcu.externaltools.gnu-tools-for-stm32.12.3.rel1.win32_1.1.0.202410251130/tools/bin/../lib/gcc/arm-none-eabi/12.3.1/../../../../arm-none-eabi/lib/thumb/v7e-m+fp/hard\libc_nano.a(libc_a-fwalk.o)
                              D:/stm32cubeIDE/STM32CubeIDE_1.17.0/STM32CubeIDE/plugins/com.st.stm32cube.ide.mcu.externaltools.gnu-tools-for-stm32.12.3.rel1.win32_1.1.0.202410251130/tools/bin/../lib/gcc/arm-none-eabi/12.3.1/../../../../arm-none-eabi/lib/thumb/v7e-m+fp/hard\libc_nano.a(libc_a-findfp.o) (_fwalk_sglue)
D:/stm32cubeIDE/STM32CubeIDE_1.17.0/STM32CubeIDE/plugins/com.st.stm32cube.ide.mcu.externaltools.gnu-tools-for-stm32.12.3.rel1.win32_1.1.0.202410251130/tools/bin/../lib/gcc/arm-none-eabi/12.3.1/../../../../arm-none-eabi/lib/thumb/v7e-m+fp/hard\libc_nano.a(libc_a-stdio.o)
                              D:/stm32cubeIDE/STM32CubeIDE_1.17.0/STM32CubeIDE/plugins/com.st.stm32cube.ide.mcu.externaltools.gnu-tools-for-stm32.12.3.rel1.win32_1.1.0.202410251130/tools/bin/../lib/gcc/arm-none-eabi/12.3.1/../../../../arm-none-eabi/lib/thumb/v7e-m+fp/hard\libc_nano.a(libc_a-findfp.o) (__sread)
D:/stm32cubeIDE/STM32CubeIDE_1.17.0/STM32CubeIDE/plugins/com.st.stm32cube.ide.mcu.externaltools.gnu-tools-for-stm32.12.3.rel1.win32_1.1.0.202410251130/tools/bin/../lib/gcc/arm-none-eabi/12.3.1/../../../../arm-none-eabi/lib/thumb/v7e-m+fp/hard\libc_nano.a(libc_a-memset.o)
                              D:/stm32cubeIDE/STM32CubeIDE_1.17.0/STM32CubeIDE/plugins/com.st.stm32cube.ide.mcu.externaltools.gnu-tools-for-stm32.12.3.rel1.win32_1.1.0.202410251130/tools/bin/../lib/gcc/arm-none-eabi/12.3.1/../../../../arm-none-eabi/lib/thumb/v7e-m+fp/hard/crt0.o (memset)
D:/stm32cubeIDE/STM32CubeIDE_1.17.0/STM32CubeIDE/plugins/com.st.stm32cube.ide.mcu.externaltools.gnu-tools-for-stm32.12.3.rel1.win32_1.1.0.202410251130/tools/bin/../lib/gcc/arm-none-eabi/12.3.1/../../../../arm-none-eabi/lib/thumb/v7e-m+fp/hard\libc_nano.a(libc_a-closer.o)
                              D:/stm32cubeIDE/STM32CubeIDE_1.17.0/STM32CubeIDE/plugins/com.st.stm32cube.ide.mcu.externaltools.gnu-tools-for-stm32.12.3.rel1.win32_1.1.0.202410251130/tools/bin/../lib/gcc/arm-none-eabi/12.3.1/../../../../arm-none-eabi/lib/thumb/v7e-m+fp/hard\libc_nano.a(libc_a-stdio.o) (_close_r)
D:/stm32cubeIDE/STM32CubeIDE_1.17.0/STM32CubeIDE/plugins/com.st.stm32cube.ide.mcu.externaltools.gnu-tools-for-stm32.12.3.rel1.win32_1.1.0.202410251130/tools/bin/../lib/gcc/arm-none-eabi/12.3.1/../../../../arm-none-eabi/lib/thumb/v7e-m+fp/hard\libc_nano.a(libc_a-reent.o)
                              D:/stm32cubeIDE/STM32CubeIDE_1.17.0/STM32CubeIDE/plugins/com.st.stm32cube.ide.mcu.externaltools.gnu-tools-for-stm32.12.3.rel1.win32_1.1.0.202410251130/tools/bin/../lib/gcc/arm-none-eabi/12.3.1/../../../../arm-none-eabi/lib/thumb/v7e-m+fp/hard\libc_nano.a(libc_a-closer.o) (errno)
D:/stm32cubeIDE/STM32CubeIDE_1.17.0/STM32CubeIDE/plugins/com.st.stm32cube.ide.mcu.externaltools.gnu-tools-for-stm32.12.3.rel1.win32_1.1.0.202410251130/tools/bin/../lib/gcc/arm-none-eabi/12.3.1/../../../../arm-none-eabi/lib/thumb/v7e-m+fp/hard\libc_nano.a(libc_a-impure.o)
                              D:/stm32cubeIDE/STM32CubeIDE_1.17.0/STM32CubeIDE/plugins/com.st.stm32cube.ide.mcu.externaltools.gnu-tools-for-stm32.12.3.rel1.win32_1.1.0.202410251130/tools/bin/../lib/gcc/arm-none-eabi/12.3.1/../../../../arm-none-eabi/lib/thumb/v7e-m+fp/hard\libc_nano.a(libc_a-reent.o) (_impure_ptr)
D:/stm32cubeIDE/STM32CubeIDE_1.17.0/STM32CubeIDE/plugins/com.st.stm32cube.ide.mcu.externaltools.gnu-tools-for-stm32.12.3.rel1.win32_1.1.0.202410251130/tools/bin/../lib/gcc/arm-none-eabi/12.3.1/../../../../arm-none-eabi/lib/thumb/v7e-m+fp/hard\libc_nano.a(libc_a-lseekr.o)
[...]
Memory Configuration

Name             Origin             Length             Attributes
RAM              0x20000000         0x00010000         xrw
FLASH            0x08000000         0x00040000         xr
*default*        0x00000000         0xffffffff

Linker script and memory map

LOAD D:/stm32cubeIDE/STM32CubeIDE_1.17.0/STM32CubeIDE/plugins/com.st.stm32cube.ide.mcu.externaltools.gnu-tools-for-stm32.12.3.rel1.win32_1.1.0.202410251130/tools/bin/../lib/gcc/arm-none-eabi/12.3.1/thumb/v7e-m+fp/hard/crti.o
LOAD D:/stm32cubeIDE/STM32CubeIDE_1.17.0/STM32CubeIDE/plugins/com.st.stm32cube.ide.mcu.externaltools.gnu-tools-for-stm32.12.3.rel1.win32_1.1.0.202410251130/tools/bin/../lib/gcc/arm-none-eabi/12.3.1/thumb/v7e-m+fp/hard/crtbegin.o
LOAD D:/stm32cubeIDE/STM32CubeIDE_1.17.0/STM32CubeIDE/plugins/com.st.stm32cube.ide.mcu.externaltools.gnu-tools-for-stm32.12.3.rel1.win32_1.1.0.202410251130/tools/bin/../lib/gcc/arm-none-eabi/12.3.1/../../../../arm-none-eabi/lib/thumb/v7e-m+fp/hard/crt0.o
LOAD ./Core/Src/main.o
LOAD ./Core/Src/stm32f4xx_hal_msp.o
LOAD ./Core/Src/stm32f4xx_it.o
LOAD ./Core/Src/syscalls.o
LOAD ./Core/Src/sysmem.o
LOAD ./Core/Src/system_stm32f4xx.o
LOAD ./Core/Startup/startup_stm32f401rctx.o
LOAD ./Drivers/STM32F4xx_HAL_Driver/Src/stm32f4xx_hal.o
LOAD ./Drivers/STM32F4xx_HAL_Driver/Src/stm32f4xx_hal_cortex.o
LOAD ./Drivers/STM32F4xx_HAL_Driver/Src/stm32f4xx_hal_dma.o
LOAD ./Drivers/STM32F4xx_HAL_Driver/Src/stm32f4xx_hal_dma_ex.o
LOAD ./Drivers/STM32F4xx_HAL_Driver/Src/stm32f4xx_hal_exti.o
LOAD ./Drivers/STM32F4xx_HAL_Driver/Src/stm32f4xx_hal_flash.o
LOAD ./Drivers/STM32F4xx_HAL_Driver/Src/stm32f4xx_hal_flash_ex.o
LOAD ./Drivers/STM32F4xx_HAL_Driver/Src/stm32f4xx_hal_flash_ramfunc.o
LOAD ./Drivers/STM32F4xx_HAL_Driver/Src/stm32f4xx_hal_gpio.o
LOAD ./Drivers/STM32F4xx_HAL_Driver/Src/stm32f4xx_hal_pwr.o
LOAD ./Drivers/STM32F4xx_HAL_Driver/Src/stm32f4xx_hal_pwr_ex.o
LOAD ./Drivers/STM32F4xx_HAL_Driver/Src/stm32f4xx_hal_rcc.o
LOAD ./Drivers/STM32F4xx_HAL_Driver/Src/stm32f4xx_hal_rcc_ex.o
START GROUP
LOAD D:/stm32cubeIDE/STM32CubeIDE_1.17.0/STM32CubeIDE/plugins/com.st.stm32cube.ide.mcu.externaltools.gnu-tools-for-stm32.12.3.rel1.win32_1.1.0.202410251130/tools/bin/../lib/gcc/arm-none-eabi/12.3.1/../../../../arm-none-eabi/lib/thumb/v7e-m+fp/hard\libc_nano.a
LOAD D:/stm32cubeIDE/STM32CubeIDE_1.17.0/STM32CubeIDE/plugins/com.st.stm32cube.ide.mcu.externaltools.gnu-tools-for-stm32.12.3.rel1.win32_1.1.0.202410251130/tools/bin/../lib/gcc/arm-none-eabi/12.3.1/../../../../arm-none-eabi/lib/thumb/v7e-m+fp/hard\libm.a
END GROUP
START GROUP
LOAD D:/stm32cubeIDE/STM32CubeIDE_1.17.0/STM32CubeIDE/plugins/com.st.stm32cube.ide.mcu.externaltools.gnu-tools-for-stm32.12.3.rel1.win32_1.1.0.202410251130/tools/bin/../lib/gcc/arm-none-eabi/12.3.1/thumb/v7e-m+fp/hard\libgcc.a
LOAD D:/stm32cubeIDE/STM32CubeIDE_1.17.0/STM32CubeIDE/plugins/com.st.stm32cube.ide.mcu.externaltools.gnu-tools-for-stm32.12.3.rel1.win32_1.1.0.202410251130/tools/bin/../lib/gcc/arm-none-eabi/12.3.1/../../../../arm-none-eabi/lib/thumb/v7e-m+fp/hard\libc_nano.a
END GROUP
START GROUP
LOAD D:/stm32cubeIDE/STM32CubeIDE_1.17.0/STM32CubeIDE/plugins/com.st.stm32cube.ide.mcu.externaltools.gnu-tools-for-stm32.12.3.rel1.win32_1.1.0.202410251130/tools/bin/../lib/gcc/arm-none-eabi/12.3.1/thumb/v7e-m+fp/hard\libgcc.a
LOAD D:/stm32cubeIDE/STM32CubeIDE_1.17.0/STM32CubeIDE/plugins/com.st.stm32cube.ide.mcu.externaltools.gnu-tools-for-stm32.12.3.rel1.win32_1.1.0.202410251130/tools/bin/../lib/gcc/arm-none-eabi/12.3.1/../../../../arm-none-eabi/lib/thumb/v7e-m+fp/hard\libc_nano.a
LOAD D:/stm32cubeIDE/STM32CubeIDE_1.17.0/STM32CubeIDE/plugins/com.st.stm32cube.ide.mcu.externaltools.gnu-tools-for-stm32.12.3.rel1.win32_1.1.0.202410251130/tools/bin/../lib/gcc/arm-none-eabi/12.3.1/../../../../arm-none-eabi/lib/thumb/v7e-m+fp/hard\libnosys.a
END GROUP
START GROUP
LOAD D:/stm32cubeIDE/STM32CubeIDE_1.17.0/STM32CubeIDE/plugins/com.st.stm32cube.ide.mcu.externaltools.gnu-tools-for-stm32.12.3.rel1.win32_1.1.0.202410251130/tools/bin/../lib/gcc/arm-none-eabi/12.3.1/thumb/v7e-m+fp/hard\libgcc.a
LOAD D:/stm32cubeIDE/STM32CubeIDE_1.17.0/STM32CubeIDE/plugins/com.st.stm32cube.ide.mcu.externaltools.gnu-tools-for-stm32.12.3.rel1.win32_1.1.0.202410251130/tools/bin/../lib/gcc/arm-none-eabi/12.3.1/../../../../arm-none-eabi/lib/thumb/v7e-m+fp/hard\libc_nano.a
LOAD D:/stm32cubeIDE/STM32CubeIDE_1.17.0/STM32CubeIDE/plugins/com.st.stm32cube.ide.mcu.externaltools.gnu-tools-for-stm32.12.3.rel1.win32_1.1.0.202410251130/tools/bin/../lib/gcc/arm-none-eabi/12.3.1/../../../../arm-none-eabi/lib/thumb/v7e-m+fp/hard\libnosys.a
END GROUP
LOAD D:/stm32cubeIDE/STM32CubeIDE_1.17.0/STM32CubeIDE/plugins/com.st.stm32cube.ide.mcu.externaltools.gnu-tools-for-stm32.12.3.rel1.win32_1.1.0.202410251130/tools/bin/../lib/gcc/arm-none-eabi/12.3.1/thumb/v7e-m+fp/hard/crtend.o
LOAD D:/stm32cubeIDE/STM32CubeIDE_1.17.0/STM32CubeIDE/plugins/com.st.stm32cube.ide.mcu.externaltools.gnu-tools-for-stm32.12.3.rel1.win32_1.1.0.202410251130/tools/bin/../lib/gcc/arm-none-eabi/12.3.1/thumb/v7e-m+fp/hard/crtn.o
                0x20010000                        _estack = (ORIGIN (RAM) + LENGTH (RAM))
                0x00000200                        _Min_Heap_Size = 0x200
                0x00000400                        _Min_Stack_Size = 0x400

.isr_vector     0x08000000      0x194
                0x08000000                        . = ALIGN (0x4)
 *(.isr_vector)
 .isr_vector    0x08000000      0x194 ./Core/Startup/startup_stm32f401rctx.o
                0x08000000                g_pfnVectors
                0x08000194                        . = ALIGN (0x4)

.text           0x08000194      0x500
                0x08000194                        . = ALIGN (0x4)
 *(.text)
 .text          0x08000194       0x40 D:/stm32cubeIDE/STM32CubeIDE_1.17.0/STM32CubeIDE/plugins/com.st.stm32cube.ide.mcu.externaltools.gnu-tools-for-stm32.12.3.rel1.win32_1.1.0.202410251130/tools/bin/../lib/gcc/arm-none-eabi/12.3.1/thumb/v7e-m+fp/hard/crtbegin.o
 *(.text*)
 .text.__NVIC_EnableIRQ
                0x080001d4       0x3c ./Core/Src/main.o
 .text.main     0x08000210       0x40 ./Core/Src/main.o
                0x08000210                main
 .text.Button_Init
                0x08000250       0x68 ./Core/Src/main.o
                0x08000250                Button_Init
 .text.SPI1_Init
                0x080002b8       0xd8 ./Core/Src/main.o
                0x080002b8                SPI1_Init
 .text.SPI_Transmit
                0x08000390       0x88 ./Core/Src/main.o
                0x08000390                SPI_Transmit
 .text.EXTI2_IRQHandler
                0x08000418       0x44 ./Core/Src/main.o
                0x08000418                EXTI2_IRQHandler
 .text.SPI1_IRQHandler
                0x0800045c       0x50 ./Core/Src/main.o
                0x0800045c                SPI1_IRQHandler
 .text.BlinkLED_PA3
                0x080004ac       0x54 ./Core/Src/main.o
                0x080004ac                BlinkLED_PA3
 .text.delay_ms
                0x08000500       0x34 ./Core/Src/main.o
                0x08000500                delay_ms
 .text.NMI_Handler
                0x08000534        0x8 ./Core/Src/stm32f4xx_it.o
                0x08000534                NMI_Handler
 .text.HardFault_Handler
                0x0800053c        0x8 ./Core/Src/stm32f4xx_it.o
                0x0800053c                HardFault_Handler
 .text.MemManage_Handler
                0x08000544        0x8 ./Core/Src/stm32f4xx_it.o
                0x08000544                MemManage_Handler
 .text.BusFault_Handler
                0x0800054c        0x8 ./Core/Src/stm32f4xx_it.o
                0x0800054c                BusFault_Handler
 .text.UsageFault_Handler
                0x08000554        0x8 ./Core/Src/stm32f4xx_it.o
                0x08000554                UsageFault_Handler
 .text.SVC_Handler
                0x0800055c        0xe ./Core/Src/stm32f4xx_it.o
                0x0800055c                SVC_Handler
 .text.DebugMon_Handler
                0x0800056a        0xe ./Core/Src/stm32f4xx_it.o
                0x0800056a                DebugMon_Handler
 .text.PendSV_Handler
                0x08000578        0xe ./Core/Src/stm32f4xx_it.o
                0x08000578                PendSV_Handler
 .text.SysTick_Handler
                0x08000586        0xc ./Core/Src/stm32f4xx_it.o
                0x08000586                SysTick_Handler
 *fill*         0x08000592        0x2 
 .text.SystemInit
                0x08000594       0x24 ./Core/Src/system_stm32f4xx.o
                0x08000594                SystemInit
 .text.Reset_Handler
                0x080005b8       0x50 ./Core/Startup/startup_stm32f401rctx.o
                0x080005b8                Reset_Handler
 .text.Default_Handler
                0x08000608        0x2 ./Core/Startup/startup_stm32f401rctx.o
                0x08000608                RTC_Alarm_IRQHandler
                0x08000608                SPI4_IRQHandler
                0x08000608                TIM1_CC_IRQHandler
                0x08000608                DMA2_Stream5_IRQHandler
                0x08000608                DMA1_Stream5_IRQHandler
                0x08000608                PVD_IRQHandler
                0x08000608                SDIO_IRQHandler
                0x08000608                TAMP_STAMP_IRQHandler
                0x08000608                EXTI3_IRQHandler
                0x08000608                TIM1_UP_TIM10_IRQHandler
                0x08000608                I2C3_ER_IRQHandler
                0x08000608                EXTI0_IRQHandler
                0x08000608                I2C2_EV_IRQHandler
                0x08000608                DMA1_Stream2_IRQHandler
                0x08000608                FPU_IRQHandler
                0x08000608                DMA2_Stream2_IRQHandler
                0x08000608                TIM1_BRK_TIM9_IRQHandler
                0x08000608                DMA2_Stream3_IRQHandler
                0x08000608                USART6_IRQHandler
                0x08000608                DMA2_Stream0_IRQHandler
                0x08000608                TIM4_IRQHandler
                0x08000608                I2C1_EV_IRQHandler
                0x08000608                DMA1_Stream6_IRQHandler
                0x08000608                DMA1_Stream1_IRQHandler
                0x08000608                TIM3_IRQHandler
                0x08000608                RCC_IRQHandler
                0x08000608                Default_Handler
                0x08000608                EXTI15_10_IRQHandler
                0x08000608                ADC_IRQHandler
                0x08000608                DMA1_Stream7_IRQHandler
                0x08000608                TIM5_IRQHandler
                0x08000608                DMA2_Stream7_IRQHandler
                0x08000608                I2C3_EV_IRQHandler
                0x08000608                EXTI9_5_IRQHandler
                0x08000608                RTC_WKUP_IRQHandler
                0x08000608                SPI2_IRQHandler
                0x08000608                DMA1_Stream0_IRQHandler
                0x08000608                EXTI4_IRQHandler
                0x08000608                WWDG_IRQHandler
                0x08000608                TIM2_IRQHandler
                0x08000608                OTG_FS_WKUP_IRQHandler
                0x08000608                TIM1_TRG_COM_TIM11_IRQHandler
                0x08000608                EXTI1_IRQHandler
                0x08000608                USART2_IRQHandler
                0x08000608                I2C2_ER_IRQHandler
                0x08000608                DMA2_Stream1_IRQHandler
                0x08000608                FLASH_IRQHandler
                0x08000608                DMA2_Stream4_IRQHandler
                0x08000608                USART1_IRQHandler
                0x08000608                OTG_FS_IRQHandler
                0x08000608                SPI3_IRQHandler
                0x08000608                DMA1_Stream4_IRQHandler
                0x08000608                I2C1_ER_IRQHandler
                0x08000608                DMA2_Stream6_IRQHandler
                0x08000608                DMA1_Stream3_IRQHandler
 *fill*         0x0800060a        0x2 
 .text.HAL_IncTick
                0x0800060c       0x28 ./Drivers/STM32F4xx_HAL_Driver/Src/stm32f4xx_hal.o
                0x0800060c                HAL_IncTick
 .text.__libc_init_array
                0x08000634       0x48 D:/stm32cubeIDE/STM32CubeIDE_1.17.0/STM32CubeIDE/plugins/com.st.stm32cube.ide.mcu.externaltools.gnu-tools-for-stm32.12.3.rel1.win32_1.1.0.202410251130/tools/bin/../lib/gcc/arm-none-eabi/12.3.1/../../../../arm-none-eabi/lib/thumb/v7e-m+fp/hard\libc_nano.a(libc_a-init.o)
                0x08000634                __libc_init_array
 *(.glue_7)
 .glue_7        0x0800067c        0x0 linker stubs
 *(.glue_7t)
 .glue_7t       0x0800067c        0x0 linker stubs
 *(.eh_frame)
 .eh_frame      0x0800067c        0x0 D:/stm32cubeIDE/STM32CubeIDE_1.17.0/STM32CubeIDE/plugins/com.st.stm32cube.ide.mcu.externaltools.gnu-tools-for-stm32.12.3.rel1.win32_1.1.0.202410251130/tools/bin/../lib/gcc/arm-none-eabi/12.3.1/thumb/v7e-m+fp/hard/crtbegin.o
 *(.init)
 .init          0x0800067c        0x4 D:/stm32cubeIDE/STM32CubeIDE_1.17.0/STM32CubeIDE/plugins/com.st.stm32cube.ide.mcu.externaltools.gnu-tools-for-stm32.12.3.rel1.win32_1.1.0.202410251130/tools/bin/../lib/gcc/arm-none-eabi/12.3.1/thumb/v7e-m+fp/hard/crti.o
                0x0800067c                _init
 .init          0x08000680        0x8 D:/stm32cubeIDE/STM32CubeIDE_1.17.0/STM32CubeIDE/plugins/com.st.stm32cube.ide.mcu.externaltools.gnu-tools-for-stm32.12.3.rel1.win32_1.1.0.202410251130/tools/bin/../lib/gcc/arm-none-eabi/12.3.1/thumb/v7e-m+fp/hard/crtn.o
 *(.fini)
 .fini          0x08000688        0x4 D:/stm32cubeIDE/STM32CubeIDE_1.17.0/STM32CubeIDE/plugins/com.st.stm32cube.ide.mcu.externaltools.gnu-tools-for-stm32.12.3.rel1.win32_1.1.0.202410251130/tools/bin/../lib/gcc/arm-none-eabi/12.3.1/thumb/v7e-m+fp/hard/crti.o
                0x08000688                _fini
 .fini          0x0800068c        0x8 D:/stm32cubeIDE/STM32CubeIDE_1.17.0/STM32CubeIDE/plugins/com.st.stm32cube.ide.mcu.externaltools.gnu-tools-for-stm32.12.3.rel1.win32_1.1.0.202410251130/tools/bin/../lib/gcc/arm-none-eabi/12.3.1/thumb/v7e-m+fp/hard/crtn.o
                0x08000694                        . = ALIGN (0x4)
                0x08000694                        _etext = .

.vfp11_veneer   0x08000694        0x0
 .vfp11_veneer  0x08000694        0x0 linker stubs

.v4_bx          0x08000694        0x0
 .v4_bx         0x08000694        0x0 linker stubs

.iplt           0x08000694        0x0
 .iplt          0x08000694        0x0 D:/stm32cubeIDE/STM32CubeIDE_1.17.0/STM32CubeIDE/plugins/com.st.stm32cube.ide.mcu.externaltools.gnu-tools-for-stm32.12.3.rel1.win32_1.1.0.202410251130/tools/bin/../lib/gcc/arm-none-eabi/12.3.1/thumb/v7e-m+fp/hard/crtbegin.o

.rodata         0x08000694       0x14
                0x08000694                        . = ALIGN (0x4)
 *(.rodata)
 .rodata        0x08000694       0x11 ./Core/Src/main.o
 *(.rodata*)
                0x080006a8                        . = ALIGN (0x4)
 *fill*         0x080006a5        0x3 

.ARM.extab      0x080006a8        0x0
                0x080006a8                        . = ALIGN (0x4)
 *(.ARM.extab* .gnu.linkonce.armextab.*)
                0x080006a8                        . = ALIGN (0x4)

.ARM            0x080006a8        0x0
                0x080006a8                        . = ALIGN (0x4)
                0x080006a8                        __exidx_start = .
 *(.ARM.exidx*)
                0x080006a8                        __exidx_end = .
                0x080006a8                        . = ALIGN (0x4)

.preinit_array  0x080006a8        0x0
                0x080006a8                        . = ALIGN (0x4)
                0x080006a8                        PROVIDE (__preinit_array_start = .)
 *(.preinit_array*)
                0x080006a8                        PROVIDE (__preinit_array_end = .)
                0x080006a8                        . = ALIGN (0x4)

.init_array     0x080006a8        0x4
                0x080006a8                        . = ALIGN (0x4)
                0x080006a8                        PROVIDE (__init_array_start = .)
 *(SORT_BY_NAME(.init_array.*))
 *(.init_array*)
 .init_array    0x080006a8        0x4 D:/stm32cubeIDE/STM32CubeIDE_1.17.0/STM32CubeIDE/plugins/com.st.stm32cube.ide.mcu.externaltools.gnu-tools-for-stm32.12.3.rel1.win32_1.1.0.202410251130/tools/bin/../lib/gcc/arm-none-eabi/12.3.1/thumb/v7e-m+fp/hard/crtbegin.o
                0x080006ac                        PROVIDE (__init_array_end = .)
                0x080006ac                        . = ALIGN (0x4)

.fini_array     0x080006ac        0x4
                0x080006ac                        . = ALIGN (0x4)
                [!provide]                        PROVIDE (__fini_array_start = .)
 *(SORT_BY_NAME(.fini_array.*))
 *(.fini_array*)
 .fini_array    0x080006ac        0x4 D:/stm32cubeIDE/STM32CubeIDE_1.17.0/STM32CubeIDE/plugins/com.st.stm32cube.ide.mcu.externaltools.gnu-tools-for-stm32.12.3.rel1.win32_1.1.0.202410251130/tools/bin/../lib/gcc/arm-none-eabi/12.3.1/thumb/v7e-m+fp/hard/crtbegin.o
                [!provide]                        PROVIDE (__fini_array_end = .)
                0x080006b0                        . = ALIGN (0x4)
                0x080006b0                        _sidata = LOADADDR (.data)

.rel.dyn        0x080006b0        0x0
 .rel.iplt      0x080006b0        0x0 D:/stm32cubeIDE/STM32CubeIDE_1.17.0/STM32CubeIDE/plugins/com.st.stm32cube.ide.mcu.externaltools.gnu-tools-for-stm32.12.3.rel1.win32_1.1.0.202410251130/tools/bin/../lib/gcc/arm-none-eabi/12.3.1/thumb/v7e-m+fp/hard/crtbegin.o

.data           0x20000000        0x4 load address 0x080006b0
                0x20000000                        . = ALIGN (0x4)
                0x20000000                        _sdata = .
 *(.data)
 *(.data*)
 .data.uwTickFreq
                0x20000000        0x1 ./Drivers/STM32F4xx_HAL_Driver/Src/stm32f4xx_hal.o
                0x20000000                uwTickFreq
 *(.RamFunc)
 *(.RamFunc*)
                0x20000004                        . = ALIGN (0x4)
 *fill*         0x20000001        0x3 
                0x20000004                        _edata = .

.igot.plt       0x20000004        0x0 load address 0x080006b4
 .igot.plt      0x20000004        0x0 D:/stm32cubeIDE/STM32CubeIDE_1.17.0/STM32CubeIDE/plugins/com.st.stm32cube.ide.mcu.externaltools.gnu-tools-for-stm32.12.3.rel1.win32_1.1.0.202410251130/tools/bin/../lib/gcc/arm-none-eabi/12.3.1/thumb/v7e-m+fp/hard/crtbegin.o
                0x20000004                        . = ALIGN (0x4)

.bss            0x20000004       0x24 load address 0x080006b4
                0x20000004                        _sbss = .
                0x20000004                        __bss_start__ = _sbss
 *(.bss)
 .bss           0x20000004       0x1c D:/stm32cubeIDE/STM32CubeIDE_1.17.0/STM32CubeIDE/plugins/com.st.stm32cube.ide.mcu.externaltools.gnu-tools-for-stm32.12.3.rel1.win32_1.1.0.202410251130/tools/bin/../lib/gcc/arm-none-eabi/12.3.1/thumb/v7e-m+fp/hard/crtbegin.o
 *(.bss*)
 .bss.ledState  0x20000020        0x1 ./Core/Src/main.o
                0x20000020                ledState
 *fill*         0x20000021        0x3 
 .bss.uwTick    0x20000024        0x4 ./Drivers/STM32F4xx_HAL_Driver/Src/stm32f4xx_hal.o
                0x20000024                uwTick
 *(COMMON)
                0x20000028                        . = ALIGN (0x4)
                0x20000028                        _ebss = .
                0x20000028                        __bss_end__ = _ebss

._user_heap_stack
                0x20000028      0x600 load address 0x080006b4
                0x20000028                        . = ALIGN (0x8)
                [!provide]                        PROVIDE (end = .)
                0x20000028                        PROVIDE (_end = .)
                0x20000228                        . = (. + _Min_Heap_Size)
 *fill*         0x20000028      0x200 
                0x20000628                        . = (. + _Min_Stack_Size)
 *fill*         0x20000228      0x400 
                0x20000628                        . = ALIGN (0x8)

/DISCARD/
 libc.a(*)
 libm.a(*)
 libgcc.a(*)

.ARM.attributes
                0x00000000       0x30
 *(.ARM.attributes)
 .ARM.attributes
                0x00000000       0x22 D:/stm32cubeIDE/STM32CubeIDE_1.17.0/STM32CubeIDE/plugins/com.st.stm32cube.ide.mcu.externaltools.gnu-tools-for-stm32.12.3.rel1.win32_1.1.0.202410251130/tools/bin/../lib/gcc/arm-none-eabi/12.3.1/thumb/v7e-m+fp/hard/crti.o
 .ARM.attributes
                0x00000022       0x34 D:/stm32cubeIDE/STM32CubeIDE_1.17.0/STM32CubeIDE/plugins/com.st.stm32cube.ide.mcu.externaltools.gnu-tools-for-stm32.12.3.rel1.win32_1.1.0.202410251130/tools/bin/../lib/gcc/arm-none-eabi/12.3.1/thumb/v7e-m+fp/hard/crtbegin.o
 .ARM.attributes
                0x00000056       0x34 ./Core/Src/main.o
 .ARM.attributes
                0x0000008a       0x34 ./Core/Src/stm32f4xx_it.o
 .ARM.attributes
                0x000000be       0x34 ./Core/Src/system_stm32f4xx.o
 .ARM.attributes
                0x000000f2       0x21 ./Core/Startup/startup_stm32f401rctx.o
 .ARM.attributes
                0x00000113       0x34 ./Drivers/STM32F4xx_HAL_Driver/Src/stm32f4xx_hal.o
 .ARM.attributes
                0x00000147       0x34 D:/stm32cubeIDE/STM32CubeIDE_1.17.0/STM32CubeIDE/plugins/com.st.stm32cube.ide.mcu.externaltools.gnu-tools-for-stm32.12.3.rel1.win32_1.1.0.202410251130/tools/bin/../lib/gcc/arm-none-eabi/12.3.1/../../../../arm-none-eabi/lib/thumb/v7e-m+fp/hard\libc_nano.a(libc_a-init.o)
 .ARM.attributes
                0x0000017b       0x22 D:/stm32cubeIDE/STM32CubeIDE_1.17.0/STM32CubeIDE/plugins/com.st.stm32cube.ide.mcu.externaltools.gnu-tools-for-stm32.12.3.rel1.win32_1.1.0.202410251130/tools/bin/../lib/gcc/arm-none-eabi/12.3.1/thumb/v7e-m+fp/hard/crtn.o
OUTPUT(spi_master.elf elf32-littlearm)
LOAD linker stubs
LOAD D:/stm32cubeIDE/STM32CubeIDE_1.17.0/STM32CubeIDE/plugins/com.st.stm32cube.ide.mcu.externaltools.gnu-tools-for-stm32.12.3.rel1.win32_1.1.0.202410251130/tools/bin/../lib/gcc/arm-none-eabi/12.3.1/../../../../arm-none-eabi/lib/thumb/v7e-m+fp/hard\libc.a
LOAD D:/stm32cubeIDE/STM32CubeIDE_1.17.0/STM32CubeIDE/plugins/com.st.stm32cube.ide.mcu.externaltools.gnu-tools-for-stm32.12.3.rel1.win32_1.1.0.202410251130/tools/bin/../lib/gcc/arm-none-eabi/12.3.1/../../../../arm-none-eabi/lib/thumb/v7e-m+fp/hard\libm.a
LOAD D:/stm32cubeIDE/STM32CubeIDE_1.17.0/STM32CubeIDE/plugins/com.st.stm32cube.ide.mcu.externaltools.gnu-tools-for-stm32.12.3.rel1.win32_1.1.0.202410251130/tools/bin/../lib/gcc/arm-none-eabi/12.3.1/thumb/v7e-m+fp/hard\libgcc.a

.debug_info     0x00000000     0x184a
 .debug_info    0x00000000      0x90f ./Core/Src/main.o
 .debug_info    0x0000090f      0x112 ./Core/Src/stm32f4xx_it.o
 .debug_info    0x00000a21      0x53e ./Core/Src/system_stm32f4xx.o
 .debug_info    0x00000f5f       0x30 ./Core/Startup/startup_stm32f401rctx.o
 .debug_info    0x00000f8f      0x8bb ./Drivers/STM32F4xx_HAL_Driver/Src/stm32f4xx_hal.o

.debug_abbrev   0x00000000      0x64c
 .debug_abbrev  0x00000000      0x250 ./Core/Src/main.o
 .debug_abbrev  0x00000250       0x73 ./Core/Src/stm32f4xx_it.o
 .debug_abbrev  0x000002c3      0x11a ./Core/Src/system_stm32f4xx.o
 .debug_abbrev  0x000003dd       0x24 ./Core/Startup/startup_stm32f401rctx.o
 .debug_abbrev  0x00000401      0x24b ./Drivers/STM32F4xx_HAL_Driver/Src/stm32f4xx_hal.o

.debug_aranges  0x00000000      0x200
 .debug_aranges
                0x00000000       0x60 ./Core/Src/main.o
 .debug_aranges
                0x00000060       0x60 ./Core/Src/stm32f4xx_it.o
 .debug_aranges
                0x000000c0       0x28 ./Core/Src/system_stm32f4xx.o
 .debug_aranges
                0x000000e8       0x28 ./Core/Startup/startup_stm32f401rctx.o
 .debug_aranges
                0x00000110       0xf0 ./Drivers/STM32F4xx_HAL_Driver/Src/stm32f4xx_hal.o

.debug_rnglists
                0x00000000      0x176
 .debug_rnglists
                0x00000000       0x51 ./Core/Src/main.o
 .debug_rnglists
                0x00000051       0x43 ./Core/Src/stm32f4xx_it.o
 .debug_rnglists
                0x00000094       0x1a ./Core/Src/system_stm32f4xx.o
 .debug_rnglists
                0x000000ae       0x19 ./Core/Startup/startup_stm32f401rctx.o
 .debug_rnglists
                0x000000c7       0xaf ./Drivers/STM32F4xx_HAL_Driver/Src/stm32f4xx_hal.o

.debug_macro    0x00000000    0x143b6
 .debug_macro   0x00000000      0x284 ./Core/Src/main.o
 .debug_macro   0x00000284      0xab4 ./Core/Src/main.o
 .debug_macro   0x00000d38       0x2e ./Core/Src/main.o
 .debug_macro   0x00000d66       0x28 ./Core/Src/main.o
 .debug_macro   0x00000d8e       0x22 ./Core/Src/main.o
 .debug_macro   0x00000db0       0x8e ./Core/Src/main.o
 .debug_macro   0x00000e3e       0x51 ./Core/Src/main.o
 .debug_macro   0x00000e8f      0x103 ./Core/Src/main.o
 .debug_macro   0x00000f92       0x6a ./Core/Src/main.o
 .debug_macro   0x00000ffc      0x1df ./Core/Src/main.o
 .debug_macro   0x000011db       0x1c ./Core/Src/main.o
 .debug_macro   0x000011f7       0x22 ./Core/Src/main.o
 .debug_macro   0x00001219       0xfb ./Core/Src/main.o
 .debug_macro   0x00001314     0x1011 ./Core/Src/main.o
 .debug_macro   0x00002325      0x11f ./Core/Src/main.o
 .debug_macro   0x00002444     0xb86c ./Core/Src/main.o
 .debug_macro   0x0000dcb0       0x6d ./Core/Src/main.o
 .debug_macro   0x0000dd1d      0x28f ./Core/Src/main.o
 .debug_macro   0x0000dfac     0x369a ./Core/Src/main.o
 .debug_macro   0x00011646      0x189 ./Core/Src/main.o
 .debug_macro   0x000117cf       0x5c ./Core/Src/main.o
 .debug_macro   0x0001182b      0x416 ./Core/Src/main.o
 .debug_macro   0x00011c41      0x9e9 ./Core/Src/main.o
 .debug_macro   0x0001262a      0x115 ./Core/Src/main.o
 .debug_macro   0x0001273f       0xf8 ./Core/Src/main.o
 .debug_macro   0x00012837       0xa5 ./Core/Src/main.o
 .debug_macro   0x000128dc      0x15f ./Core/Src/main.o
 .debug_macro   0x00012a3b      0x287 ./Core/Src/main.o
 .debug_macro   0x00012cc2       0x5f ./Core/Src/main.o
 .debug_macro   0x00012d21      0x236 ./Core/Src/main.o
 .debug_macro   0x00012f57      0x132 ./Core/Src/main.o
 .debug_macro   0x00013089      0x23a ./Core/Src/main.o
 .debug_macro   0x000132c3       0x2e ./Core/Src/main.o
 .debug_macro   0x000132f1      0x127 ./Core/Src/main.o
 .debug_macro   0x00013418       0x85 ./Core/Src/main.o
 .debug_macro   0x0001349d       0x89 ./Core/Src/main.o
 .debug_macro   0x00013526      0x126 ./Core/Src/main.o
 .debug_macro   0x0001364c       0x61 ./Core/Src/main.o
 .debug_macro   0x000136ad       0x2a ./Core/Src/main.o
 .debug_macro   0x000136d7       0x43 ./Core/Src/main.o
 .debug_macro   0x0001371a       0x34 ./Core/Src/main.o
 .debug_macro   0x0001374e       0x16 ./Core/Src/main.o
 .debug_macro   0x00013764       0x43 ./Core/Src/main.o
 .debug_macro   0x000137a7       0x34 ./Core/Src/main.o
 .debug_macro   0x000137db       0x10 ./Core/Src/main.o
 .debug_macro   0x000137eb       0x58 ./Core/Src/main.o
 .debug_macro   0x00013843       0x8e ./Core/Src/main.o
 .debug_macro   0x000138d1       0x1c ./Core/Src/main.o
 .debug_macro   0x000138ed      0x177 ./Core/Src/main.o
 .debug_macro   0x00013a64      0x369 ./Core/Src/main.o
 .debug_macro   0x00013dcd       0x10 ./Core/Src/main.o
 .debug_macro   0x00013ddd       0x35 ./Core/Src/main.o
 .debug_macro   0x00013e12       0x20 ./Core/Src/main.o
 .debug_macro   0x00013e32      0x1c4 ./Core/Src/stm32f4xx_it.o
 .debug_macro   0x00013ff6      0x1b0 ./Core/Src/system_stm32f4xx.o
 .debug_macro   0x000141a6      0x210 ./Drivers/STM32F4xx_HAL_Driver/Src/stm32f4xx_hal.o

.debug_line     0x00000000     0x256d
 .debug_line    0x00000000      0xbde ./Core/Src/main.o
 .debug_line    0x00000bde      0x7b8 ./Core/Src/stm32f4xx_it.o
 .debug_line    0x00001396      0x77a ./Core/Src/system_stm32f4xx.o
 .debug_line    0x00001b10       0x7a ./Core/Startup/startup_stm32f401rctx.o
 .debug_line    0x00001b8a      0x9e3 ./Drivers/STM32F4xx_HAL_Driver/Src/stm32f4xx_hal.o

.debug_str      0x00000000    0x8110d
 .debug_str     0x00000000    0x8089b ./Core/Src/main.o
                              0x80b59 (size before relaxing)
 .debug_str     0x0008089b       0xd3 ./Core/Src/stm32f4xx_it.o
                              0x7d461 (size before relaxing)
 .debug_str     0x0008096e       0xdb ./Core/Src/system_stm32f4xx.o
                              0x7d59d (size before relaxing)
 .debug_str     0x00080a49       0x44 ./Core/Startup/startup_stm32f401rctx.o
                                 0x6e (size before relaxing)
 .debug_str     0x00080a8d      0x680 ./Drivers/STM32F4xx_HAL_Driver/Src/stm32f4xx_hal.o
                              0x7dfbf (size before relaxing)

.comment        0x00000000       0x43
 .comment       0x00000000       0x43 ./Core/Src/main.o
                                 0x44 (size before relaxing)
 .comment       0x00000043       0x44 ./Core/Src/stm32f4xx_it.o
 .comment       0x00000043       0x44 ./Core/Src/system_stm32f4xx.o
 .comment       0x00000043       0x44 ./Drivers/STM32F4xx_HAL_Driver/Src/stm32f4xx_hal.o

.debug_frame    0x00000000      0x640
 .debug_frame   0x00000000      0x144 ./Core/Src/main.o
 .debug_frame   0x00000144      0x104 ./Core/Src/stm32f4xx_it.o
 .debug_frame   0x00000248       0x58 ./Core/Src/system_stm32f4xx.o
 .debug_frame   0x000002a0      0x374 ./Drivers/STM32F4xx_HAL_Driver/Src/stm32f4xx_hal.o
 .debug_frame   0x00000614       0x2c D:/stm32cubeIDE/STM32CubeIDE_1.17.0/STM32CubeIDE/plugins/com.st.stm32cube.ide.mcu.externaltools.gnu-tools-for-stm32.12.3.rel1.win32_1.1.0.202410251130/tools/bin/../lib/gcc/arm-none-eabi/12.3.1/../../../../arm-none-eabi/lib/thumb/v7e-m+fp/hard\libc_nano.a(libc_a-init.o)

.debug_line_str
                0x00000000       0x52
 .debug_line_str
                0x00000000       0x52 ./Core/Startup/startup_stm32f401rctx.o
