../Drivers/CMSIS/Include/core_cm4.h:1684:22:__NVIC_EnableIRQ	16	static,ignoring_inline_asm
../Core/Src/main.c:30:5:main	8	static
../Core/Src/main.c:43:6:init_motor_DC	4	static
../Core/Src/main.c:65:6:init_TIM_PWM	4	static
../Core/Src/main.c:83:6:init_interrupt	8	static
../Core/Src/main.c:114:6:motor_run	8	static
../Core/Src/main.c:120:6:motor_stop	8	static
../Core/Src/main.c:126:6:motor_speed	4	static
../Core/Src/main.c:138:6:motor_direction	4	static
../Core/Src/main.c:152:6:init_button	4	static
../Core/Src/main.c:165:6:EXTI15_10_IRQHandler	8	static
