Archive member included to satisfy reference by file (symbol)

D:/stm32cubeIDE/STM32CubeIDE_1.17.0/STM32CubeIDE/plugins/com.st.stm32cube.ide.mcu.externaltools.gnu-tools-for-stm32.12.3.rel1.win32_1.1.0.202410251130/tools/bin/../lib/gcc/arm-none-eabi/12.3.1/../../../../arm-none-eabi/lib/thumb/v7e-m+fp/hard\libc_nano.a(libc_a-exit.o)
                              D:/stm32cubeIDE/STM32CubeIDE_1.17.0/STM32CubeIDE/plugins/com.st.stm32cube.ide.mcu.externaltools.gnu-tools-for-stm32.12.3.rel1.win32_1.1.0.202410251130/tools/bin/../lib/gcc/arm-none-eabi/12.3.1/../../../../arm-none-eabi/lib/thumb/v7e-m+fp/hard/crt0.o (exit)
D:/stm32cubeIDE/STM32CubeIDE_1.17.0/STM32CubeIDE/plugins/com.st.stm32cube.ide.mcu.externaltools.gnu-tools-for-stm32.12.3.rel1.win32_1.1.0.202410251130/tools/bin/../lib/gcc/arm-none-eabi/12.3.1/../../../../arm-none-eabi/lib/thumb/v7e-m+fp/hard\libc_nano.a(libc_a-findfp.o)
                              D:/stm32cubeIDE/STM32CubeIDE_1.17.0/STM32CubeIDE/plugins/com.st.stm32cube.ide.mcu.externaltools.gnu-tools-for-stm32.12.3.rel1.win32_1.1.0.202410251130/tools/bin/../lib/gcc/arm-none-eabi/12.3.1/../../../../arm-none-eabi/lib/thumb/v7e-m+fp/hard\libc_nano.a(libc_a-exit.o) (__stdio_exit_handler)
D:/stm32cubeIDE/STM32CubeIDE_1.17.0/STM32CubeIDE/plugins/com.st.stm32cube.ide.mcu.externaltools.gnu-tools-for-stm32.12.3.rel1.win32_1.1.0.202410251130/tools/bin/../lib/gcc/arm-none-eabi/12.3.1/../../../../arm-none-eabi/lib/thumb/v7e-m+fp/hard\libc_nano.a(libc_a-fwalk.o)
                              D:/stm32cubeIDE/STM32CubeIDE_1.17.0/STM32CubeIDE/plugins/com.st.stm32cube.ide.mcu.externaltools.gnu-tools-for-stm32.12.3.rel1.win32_1.1.0.202410251130/tools/bin/../lib/gcc/arm-none-eabi/12.3.1/../../../../arm-none-eabi/lib/thumb/v7e-m+fp/hard\libc_nano.a(libc_a-findfp.o) (_fwalk_sglue)
D:/stm32cubeIDE/STM32CubeIDE_1.17.0/STM32CubeIDE/plugins/com.st.stm32cube.ide.mcu.externaltools.gnu-tools-for-stm32.12.3.rel1.win32_1.1.0.202410251130/tools/bin/../lib/gcc/arm-none-eabi/12.3.1/../../../../arm-none-eabi/lib/thumb/v7e-m+fp/hard\libc_nano.a(libc_a-stdio.o)
                              D:/stm32cubeIDE/STM32CubeIDE_1.17.0/STM32CubeIDE/plugins/com.st.stm32cube.ide.mcu.externaltools.gnu-tools-for-stm32.12.3.rel1.win32_1.1.0.202410251130/tools/bin/../lib/gcc/arm-none-eabi/12.3.1/../../../../arm-none-eabi/lib/thumb/v7e-m+fp/hard\libc_nano.a(libc_a-findfp.o) (__sread)
D:/stm32cubeIDE/STM32CubeIDE_1.17.0/STM32CubeIDE/plugins/com.st.stm32cube.ide.mcu.externaltools.gnu-tools-for-stm32.12.3.rel1.win32_1.1.0.202410251130/tools/bin/../lib/gcc/arm-none-eabi/12.3.1/../../../../arm-none-eabi/lib/thumb/v7e-m+fp/hard\libc_nano.a(libc_a-memset.o)
                              D:/stm32cubeIDE/STM32CubeIDE_1.17.0/STM32CubeIDE/plugins/com.st.stm32cube.ide.mcu.externaltools.gnu-tools-for-stm32.12.3.rel1.win32_1.1.0.202410251130/tools/bin/../lib/gcc/arm-none-eabi/12.3.1/../../../../arm-none-eabi/lib/thumb/v7e-m+fp/hard/crt0.o (memset)
D:/stm32cubeIDE/STM32CubeIDE_1.17.0/STM32CubeIDE/plugins/com.st.stm32cube.ide.mcu.externaltools.gnu-tools-for-stm32.12.3.rel1.win32_1.1.0.202410251130/tools/bin/../lib/gcc/arm-none-eabi/12.3.1/../../../../arm-none-eabi/lib/thumb/v7e-m+fp/hard\libc_nano.a(libc_a-strstr.o)
                              ./Core/Src/main.o (strstr)
D:/stm32cubeIDE/STM32CubeIDE_1.17.0/STM32CubeIDE/plugins/com.st.stm32cube.ide.mcu.externaltools.gnu-tools-for-stm32.12.3.rel1.win32_1.1.0.202410251130/tools/bin/../lib/gcc/arm-none-eabi/12.3.1/../../../../arm-none-eabi/lib/thumb/v7e-m+fp/hard\libc_nano.a(libc_a-closer.o)
                              D:/stm32cubeIDE/STM32CubeIDE_1.17.0/STM32CubeIDE/plugins/com.st.stm32cube.ide.mcu.externaltools.gnu-tools-for-stm32.12.3.rel1.win32_1.1.0.202410251130/tools/bin/../lib/gcc/arm-none-eabi/12.3.1/../../../../arm-none-eabi/lib/thumb/v7e-m+fp/hard\libc_nano.a(libc_a-stdio.o) (_close_r)
D:/stm32cubeIDE/STM32CubeIDE_1.17.0/STM32CubeIDE/plugins/com.st.stm32cube.ide.mcu.externaltools.gnu-tools-for-stm32.12.3.rel1.win32_1.1.0.202410251130/tools/bin/../lib/gcc/arm-none-eabi/12.3.1/../../../../arm-none-eabi/lib/thumb/v7e-m+fp/hard\libc_nano.a(libc_a-reent.o)
                              D:/stm32cubeIDE/STM32CubeIDE_1.17.0/STM32CubeIDE/plugins/com.st.stm32cube.ide.mcu.externaltools.gnu-tools-for-stm32.12.3.rel1.win32_1.1.0.202410251130/tools/bin/../lib/gcc/arm-none-eabi/12.3.1/../../../../arm-none-eabi/lib/thumb/v7e-m+fp/hard\libc_nano.a(libc_a-closer.o) (errno)
D:/stm32cubeIDE/STM32CubeIDE_1.17.0/STM32CubeIDE/plugins/com.st.stm32cube.ide.mcu.externaltools.gnu-tools-for-stm32.12.3.rel1.win32_1.1.0.202410251130/tools/bin/../lib/gcc/arm-none-eabi/12.3.1/../../../../arm-none-eabi/lib/thumb/v7e-m+fp/hard\libc_nano.a(libc_a-impure.o)
[...]
Memory Configuration

Name             Origin             Length             Attributes
RAM              0x20000000         0x00010000         xrw
FLASH            0x08000000         0x00040000         xr
*default*        0x00000000         0xffffffff

Linker script and memory map

LOAD D:/stm32cubeIDE/STM32CubeIDE_1.17.0/STM32CubeIDE/plugins/com.st.stm32cube.ide.mcu.externaltools.gnu-tools-for-stm32.12.3.rel1.win32_1.1.0.202410251130/tools/bin/../lib/gcc/arm-none-eabi/12.3.1/thumb/v7e-m+fp/hard/crti.o
LOAD D:/stm32cubeIDE/STM32CubeIDE_1.17.0/STM32CubeIDE/plugins/com.st.stm32cube.ide.mcu.externaltools.gnu-tools-for-stm32.12.3.rel1.win32_1.1.0.202410251130/tools/bin/../lib/gcc/arm-none-eabi/12.3.1/thumb/v7e-m+fp/hard/crtbegin.o
LOAD D:/stm32cubeIDE/STM32CubeIDE_1.17.0/STM32CubeIDE/plugins/com.st.stm32cube.ide.mcu.externaltools.gnu-tools-for-stm32.12.3.rel1.win32_1.1.0.202410251130/tools/bin/../lib/gcc/arm-none-eabi/12.3.1/../../../../arm-none-eabi/lib/thumb/v7e-m+fp/hard/crt0.o
LOAD ./Core/Src/main.o
LOAD ./Core/Src/stm32f4xx_hal_msp.o
LOAD ./Core/Src/stm32f4xx_it.o
LOAD ./Core/Src/syscalls.o
LOAD ./Core/Src/sysmem.o
LOAD ./Core/Src/system_stm32f4xx.o
LOAD ./Core/Startup/startup_stm32f401ccux.o
LOAD ./Drivers/STM32F4xx_HAL_Driver/Src/stm32f4xx_hal.o
LOAD ./Drivers/STM32F4xx_HAL_Driver/Src/stm32f4xx_hal_cortex.o
LOAD ./Drivers/STM32F4xx_HAL_Driver/Src/stm32f4xx_hal_dma.o
LOAD ./Drivers/STM32F4xx_HAL_Driver/Src/stm32f4xx_hal_dma_ex.o
LOAD ./Drivers/STM32F4xx_HAL_Driver/Src/stm32f4xx_hal_exti.o
LOAD ./Drivers/STM32F4xx_HAL_Driver/Src/stm32f4xx_hal_flash.o
LOAD ./Drivers/STM32F4xx_HAL_Driver/Src/stm32f4xx_hal_flash_ex.o
LOAD ./Drivers/STM32F4xx_HAL_Driver/Src/stm32f4xx_hal_flash_ramfunc.o
LOAD ./Drivers/STM32F4xx_HAL_Driver/Src/stm32f4xx_hal_gpio.o
LOAD ./Drivers/STM32F4xx_HAL_Driver/Src/stm32f4xx_hal_pwr.o
LOAD ./Drivers/STM32F4xx_HAL_Driver/Src/stm32f4xx_hal_pwr_ex.o
LOAD ./Drivers/STM32F4xx_HAL_Driver/Src/stm32f4xx_hal_rcc.o
LOAD ./Drivers/STM32F4xx_HAL_Driver/Src/stm32f4xx_hal_rcc_ex.o
LOAD ./Drivers/STM32F4xx_HAL_Driver/Src/stm32f4xx_hal_uart.o
START GROUP
LOAD D:/stm32cubeIDE/STM32CubeIDE_1.17.0/STM32CubeIDE/plugins/com.st.stm32cube.ide.mcu.externaltools.gnu-tools-for-stm32.12.3.rel1.win32_1.1.0.202410251130/tools/bin/../lib/gcc/arm-none-eabi/12.3.1/../../../../arm-none-eabi/lib/thumb/v7e-m+fp/hard\libc_nano.a
LOAD D:/stm32cubeIDE/STM32CubeIDE_1.17.0/STM32CubeIDE/plugins/com.st.stm32cube.ide.mcu.externaltools.gnu-tools-for-stm32.12.3.rel1.win32_1.1.0.202410251130/tools/bin/../lib/gcc/arm-none-eabi/12.3.1/../../../../arm-none-eabi/lib/thumb/v7e-m+fp/hard\libm.a
END GROUP
START GROUP
LOAD D:/stm32cubeIDE/STM32CubeIDE_1.17.0/STM32CubeIDE/plugins/com.st.stm32cube.ide.mcu.externaltools.gnu-tools-for-stm32.12.3.rel1.win32_1.1.0.202410251130/tools/bin/../lib/gcc/arm-none-eabi/12.3.1/thumb/v7e-m+fp/hard\libgcc.a
LOAD D:/stm32cubeIDE/STM32CubeIDE_1.17.0/STM32CubeIDE/plugins/com.st.stm32cube.ide.mcu.externaltools.gnu-tools-for-stm32.12.3.rel1.win32_1.1.0.202410251130/tools/bin/../lib/gcc/arm-none-eabi/12.3.1/../../../../arm-none-eabi/lib/thumb/v7e-m+fp/hard\libc_nano.a
END GROUP
START GROUP
LOAD D:/stm32cubeIDE/STM32CubeIDE_1.17.0/STM32CubeIDE/plugins/com.st.stm32cube.ide.mcu.externaltools.gnu-tools-for-stm32.12.3.rel1.win32_1.1.0.202410251130/tools/bin/../lib/gcc/arm-none-eabi/12.3.1/thumb/v7e-m+fp/hard\libgcc.a
LOAD D:/stm32cubeIDE/STM32CubeIDE_1.17.0/STM32CubeIDE/plugins/com.st.stm32cube.ide.mcu.externaltools.gnu-tools-for-stm32.12.3.rel1.win32_1.1.0.202410251130/tools/bin/../lib/gcc/arm-none-eabi/12.3.1/../../../../arm-none-eabi/lib/thumb/v7e-m+fp/hard\libc_nano.a
LOAD D:/stm32cubeIDE/STM32CubeIDE_1.17.0/STM32CubeIDE/plugins/com.st.stm32cube.ide.mcu.externaltools.gnu-tools-for-stm32.12.3.rel1.win32_1.1.0.202410251130/tools/bin/../lib/gcc/arm-none-eabi/12.3.1/../../../../arm-none-eabi/lib/thumb/v7e-m+fp/hard\libnosys.a
END GROUP
START GROUP
LOAD D:/stm32cubeIDE/STM32CubeIDE_1.17.0/STM32CubeIDE/plugins/com.st.stm32cube.ide.mcu.externaltools.gnu-tools-for-stm32.12.3.rel1.win32_1.1.0.202410251130/tools/bin/../lib/gcc/arm-none-eabi/12.3.1/thumb/v7e-m+fp/hard\libgcc.a
LOAD D:/stm32cubeIDE/STM32CubeIDE_1.17.0/STM32CubeIDE/plugins/com.st.stm32cube.ide.mcu.externaltools.gnu-tools-for-stm32.12.3.rel1.win32_1.1.0.202410251130/tools/bin/../lib/gcc/arm-none-eabi/12.3.1/../../../../arm-none-eabi/lib/thumb/v7e-m+fp/hard\libc_nano.a
LOAD D:/stm32cubeIDE/STM32CubeIDE_1.17.0/STM32CubeIDE/plugins/com.st.stm32cube.ide.mcu.externaltools.gnu-tools-for-stm32.12.3.rel1.win32_1.1.0.202410251130/tools/bin/../lib/gcc/arm-none-eabi/12.3.1/../../../../arm-none-eabi/lib/thumb/v7e-m+fp/hard\libnosys.a
END GROUP
LOAD D:/stm32cubeIDE/STM32CubeIDE_1.17.0/STM32CubeIDE/plugins/com.st.stm32cube.ide.mcu.externaltools.gnu-tools-for-stm32.12.3.rel1.win32_1.1.0.202410251130/tools/bin/../lib/gcc/arm-none-eabi/12.3.1/thumb/v7e-m+fp/hard/crtend.o
LOAD D:/stm32cubeIDE/STM32CubeIDE_1.17.0/STM32CubeIDE/plugins/com.st.stm32cube.ide.mcu.externaltools.gnu-tools-for-stm32.12.3.rel1.win32_1.1.0.202410251130/tools/bin/../lib/gcc/arm-none-eabi/12.3.1/thumb/v7e-m+fp/hard/crtn.o
                0x20010000                        _estack = (ORIGIN (RAM) + LENGTH (RAM))
                0x00000200                        _Min_Heap_Size = 0x200
                0x00000400                        _Min_Stack_Size = 0x400

.isr_vector     0x08000000      0x194
                0x08000000                        . = ALIGN (0x4)
 *(.isr_vector)
 .isr_vector    0x08000000      0x194 ./Core/Startup/startup_stm32f401ccux.o
                0x08000000                g_pfnVectors
                0x08000194                        . = ALIGN (0x4)

.text           0x08000194      0x488
                0x08000194                        . = ALIGN (0x4)
 *(.text)
 .text          0x08000194       0x40 D:/stm32cubeIDE/STM32CubeIDE_1.17.0/STM32CubeIDE/plugins/com.st.stm32cube.ide.mcu.externaltools.gnu-tools-for-stm32.12.3.rel1.win32_1.1.0.202410251130/tools/bin/../lib/gcc/arm-none-eabi/12.3.1/thumb/v7e-m+fp/hard/crtbegin.o
 *(.text*)
 .text.__NVIC_EnableIRQ
                0x080001d4       0x3c ./Core/Src/main.o
 .text.UART1_Init
                0x08000210       0x64 ./Core/Src/main.o
                0x08000210                UART1_Init
 .text.GPIO_Init
                0x08000274       0x64 ./Core/Src/main.o
                0x08000274                GPIO_Init
 .text.delay    0x080002d8       0x24 ./Core/Src/main.o
                0x080002d8                delay
 .text.USART1_Send
                0x080002fc       0x40 ./Core/Src/main.o
                0x080002fc                USART1_Send
 .text.EXTI9_5_IRQHandler
                0x0800033c       0x34 ./Core/Src/main.o
                0x0800033c                EXTI9_5_IRQHandler
 .text.USART1_IRQHandler
                0x08000370       0xb8 ./Core/Src/main.o
                0x08000370                USART1_IRQHandler
 .text.main     0x08000428       0x68 ./Core/Src/main.o
                0x08000428                main
 .text.NMI_Handler
                0x08000490        0x8 ./Core/Src/stm32f4xx_it.o
                0x08000490                NMI_Handler
 .text.HardFault_Handler
                0x08000498        0x8 ./Core/Src/stm32f4xx_it.o
                0x08000498                HardFault_Handler
 .text.MemManage_Handler
                0x080004a0        0x8 ./Core/Src/stm32f4xx_it.o
                0x080004a0                MemManage_Handler
 .text.BusFault_Handler
                0x080004a8        0x8 ./Core/Src/stm32f4xx_it.o
                0x080004a8                BusFault_Handler
 .text.UsageFault_Handler
                0x080004b0        0x8 ./Core/Src/stm32f4xx_it.o
                0x080004b0                UsageFault_Handler
 .text.SVC_Handler
                0x080004b8        0xe ./Core/Src/stm32f4xx_it.o
                0x080004b8                SVC_Handler
 .text.DebugMon_Handler
                0x080004c6        0xe ./Core/Src/stm32f4xx_it.o
                0x080004c6                DebugMon_Handler
 .text.PendSV_Handler
                0x080004d4        0xe ./Core/Src/stm32f4xx_it.o
                0x080004d4                PendSV_Handler
 .text.SysTick_Handler
                0x080004e2        0xc ./Core/Src/stm32f4xx_it.o
                0x080004e2                SysTick_Handler
 *fill*         0x080004ee        0x2 
 .text.SystemInit
                0x080004f0       0x24 ./Core/Src/system_stm32f4xx.o
                0x080004f0                SystemInit
 .text.Reset_Handler
                0x08000514       0x50 ./Core/Startup/startup_stm32f401ccux.o
                0x08000514                Reset_Handler
 .text.Default_Handler
                0x08000564        0x2 ./Core/Startup/startup_stm32f401ccux.o
                0x08000564                RTC_Alarm_IRQHandler
                0x08000564                EXTI2_IRQHandler
                0x08000564                SPI4_IRQHandler
                0x08000564                TIM1_CC_IRQHandler
                0x08000564                DMA2_Stream5_IRQHandler
                0x08000564                DMA1_Stream5_IRQHandler
                0x08000564                PVD_IRQHandler
                0x08000564                SDIO_IRQHandler
                0x08000564                TAMP_STAMP_IRQHandler
                0x08000564                EXTI3_IRQHandler
                0x08000564                TIM1_UP_TIM10_IRQHandler
                0x08000564                I2C3_ER_IRQHandler
                0x08000564                EXTI0_IRQHandler
                0x08000564                I2C2_EV_IRQHandler
                0x08000564                DMA1_Stream2_IRQHandler
                0x08000564                FPU_IRQHandler
                0x08000564                DMA2_Stream2_IRQHandler
                0x08000564                SPI1_IRQHandler
                0x08000564                TIM1_BRK_TIM9_IRQHandler
                0x08000564                DMA2_Stream3_IRQHandler
                0x08000564                USART6_IRQHandler
                0x08000564                DMA2_Stream0_IRQHandler
                0x08000564                TIM4_IRQHandler
                0x08000564                I2C1_EV_IRQHandler
                0x08000564                DMA1_Stream6_IRQHandler
                0x08000564                DMA1_Stream1_IRQHandler
                0x08000564                TIM3_IRQHandler
                0x08000564                RCC_IRQHandler
                0x08000564                Default_Handler
                0x08000564                EXTI15_10_IRQHandler
                0x08000564                ADC_IRQHandler
                0x08000564                DMA1_Stream7_IRQHandler
                0x08000564                TIM5_IRQHandler
                0x08000564                DMA2_Stream7_IRQHandler
                0x08000564                I2C3_EV_IRQHandler
                0x08000564                RTC_WKUP_IRQHandler
                0x08000564                SPI2_IRQHandler
                0x08000564                DMA1_Stream0_IRQHandler
                0x08000564                EXTI4_IRQHandler
                0x08000564                WWDG_IRQHandler
                0x08000564                TIM2_IRQHandler
                0x08000564                OTG_FS_WKUP_IRQHandler
                0x08000564                TIM1_TRG_COM_TIM11_IRQHandler
                0x08000564                EXTI1_IRQHandler
                0x08000564                USART2_IRQHandler
                0x08000564                I2C2_ER_IRQHandler
                0x08000564                DMA2_Stream1_IRQHandler
                0x08000564                FLASH_IRQHandler
                0x08000564                DMA2_Stream4_IRQHandler
                0x08000564                OTG_FS_IRQHandler
                0x08000564                SPI3_IRQHandler
                0x08000564                DMA1_Stream4_IRQHandler
                0x08000564                I2C1_ER_IRQHandler
                0x08000564                DMA2_Stream6_IRQHandler
                0x08000564                DMA1_Stream3_IRQHandler
 *fill*         0x08000566        0x2 
 .text.HAL_IncTick
                0x08000568       0x28 ./Drivers/STM32F4xx_HAL_Driver/Src/stm32f4xx_hal.o
                0x08000568                HAL_IncTick
 .text.strstr   0x08000590       0x2c D:/stm32cubeIDE/STM32CubeIDE_1.17.0/STM32CubeIDE/plugins/com.st.stm32cube.ide.mcu.externaltools.gnu-tools-for-stm32.12.3.rel1.win32_1.1.0.202410251130/tools/bin/../lib/gcc/arm-none-eabi/12.3.1/../../../../arm-none-eabi/lib/thumb/v7e-m+fp/hard\libc_nano.a(libc_a-strstr.o)
                0x08000590                strstr
 .text.__libc_init_array
                0x080005bc       0x48 D:/stm32cubeIDE/STM32CubeIDE_1.17.0/STM32CubeIDE/plugins/com.st.stm32cube.ide.mcu.externaltools.gnu-tools-for-stm32.12.3.rel1.win32_1.1.0.202410251130/tools/bin/../lib/gcc/arm-none-eabi/12.3.1/../../../../arm-none-eabi/lib/thumb/v7e-m+fp/hard\libc_nano.a(libc_a-init.o)
                0x080005bc                __libc_init_array
 *(.glue_7)
 .glue_7        0x08000604        0x0 linker stubs
 *(.glue_7t)
 .glue_7t       0x08000604        0x0 linker stubs
 *(.eh_frame)
 .eh_frame      0x08000604        0x0 D:/stm32cubeIDE/STM32CubeIDE_1.17.0/STM32CubeIDE/plugins/com.st.stm32cube.ide.mcu.externaltools.gnu-tools-for-stm32.12.3.rel1.win32_1.1.0.202410251130/tools/bin/../lib/gcc/arm-none-eabi/12.3.1/thumb/v7e-m+fp/hard/crtbegin.o
 *(.init)
 .init          0x08000604        0x4 D:/stm32cubeIDE/STM32CubeIDE_1.17.0/STM32CubeIDE/plugins/com.st.stm32cube.ide.mcu.externaltools.gnu-tools-for-stm32.12.3.rel1.win32_1.1.0.202410251130/tools/bin/../lib/gcc/arm-none-eabi/12.3.1/thumb/v7e-m+fp/hard/crti.o
                0x08000604                _init
 .init          0x08000608        0x8 D:/stm32cubeIDE/STM32CubeIDE_1.17.0/STM32CubeIDE/plugins/com.st.stm32cube.ide.mcu.externaltools.gnu-tools-for-stm32.12.3.rel1.win32_1.1.0.202410251130/tools/bin/../lib/gcc/arm-none-eabi/12.3.1/thumb/v7e-m+fp/hard/crtn.o
 *(.fini)
 .fini          0x08000610        0x4 D:/stm32cubeIDE/STM32CubeIDE_1.17.0/STM32CubeIDE/plugins/com.st.stm32cube.ide.mcu.externaltools.gnu-tools-for-stm32.12.3.rel1.win32_1.1.0.202410251130/tools/bin/../lib/gcc/arm-none-eabi/12.3.1/thumb/v7e-m+fp/hard/crti.o
                0x08000610                _fini
 .fini          0x08000614        0x8 D:/stm32cubeIDE/STM32CubeIDE_1.17.0/STM32CubeIDE/plugins/com.st.stm32cube.ide.mcu.externaltools.gnu-tools-for-stm32.12.3.rel1.win32_1.1.0.202410251130/tools/bin/../lib/gcc/arm-none-eabi/12.3.1/thumb/v7e-m+fp/hard/crtn.o
                0x0800061c                        . = ALIGN (0x4)
                0x0800061c                        _etext = .

.vfp11_veneer   0x0800061c        0x0
 .vfp11_veneer  0x0800061c        0x0 linker stubs

.v4_bx          0x0800061c        0x0
 .v4_bx         0x0800061c        0x0 linker stubs

.iplt           0x0800061c        0x0
 .iplt          0x0800061c        0x0 D:/stm32cubeIDE/STM32CubeIDE_1.17.0/STM32CubeIDE/plugins/com.st.stm32cube.ide.mcu.externaltools.gnu-tools-for-stm32.12.3.rel1.win32_1.1.0.202410251130/tools/bin/../lib/gcc/arm-none-eabi/12.3.1/thumb/v7e-m+fp/hard/crtbegin.o

.rodata         0x0800061c       0x24
                0x0800061c                        . = ALIGN (0x4)
 *(.rodata)
 .rodata        0x0800061c       0x21 ./Core/Src/main.o
 *(.rodata*)
                0x08000640                        . = ALIGN (0x4)
 *fill*         0x0800063d        0x3 

.ARM.extab      0x08000640        0x0
                0x08000640                        . = ALIGN (0x4)
 *(.ARM.extab* .gnu.linkonce.armextab.*)
                0x08000640                        . = ALIGN (0x4)

.ARM            0x08000640        0x0
                0x08000640                        . = ALIGN (0x4)
                0x08000640                        __exidx_start = .
 *(.ARM.exidx*)
                0x08000640                        __exidx_end = .
                0x08000640                        . = ALIGN (0x4)

.preinit_array  0x08000640        0x0
                0x08000640                        . = ALIGN (0x4)
                0x08000640                        PROVIDE (__preinit_array_start = .)
 *(.preinit_array*)
                0x08000640                        PROVIDE (__preinit_array_end = .)
                0x08000640                        . = ALIGN (0x4)

.init_array     0x08000640        0x4
                0x08000640                        . = ALIGN (0x4)
                0x08000640                        PROVIDE (__init_array_start = .)
 *(SORT_BY_NAME(.init_array.*))
 *(.init_array*)
 .init_array    0x08000640        0x4 D:/stm32cubeIDE/STM32CubeIDE_1.17.0/STM32CubeIDE/plugins/com.st.stm32cube.ide.mcu.externaltools.gnu-tools-for-stm32.12.3.rel1.win32_1.1.0.202410251130/tools/bin/../lib/gcc/arm-none-eabi/12.3.1/thumb/v7e-m+fp/hard/crtbegin.o
                0x08000644                        PROVIDE (__init_array_end = .)
                0x08000644                        . = ALIGN (0x4)

.fini_array     0x08000644        0x4
                0x08000644                        . = ALIGN (0x4)
                [!provide]                        PROVIDE (__fini_array_start = .)
 *(SORT_BY_NAME(.fini_array.*))
 *(.fini_array*)
 .fini_array    0x08000644        0x4 D:/stm32cubeIDE/STM32CubeIDE_1.17.0/STM32CubeIDE/plugins/com.st.stm32cube.ide.mcu.externaltools.gnu-tools-for-stm32.12.3.rel1.win32_1.1.0.202410251130/tools/bin/../lib/gcc/arm-none-eabi/12.3.1/thumb/v7e-m+fp/hard/crtbegin.o
                [!provide]                        PROVIDE (__fini_array_end = .)
                0x08000648                        . = ALIGN (0x4)
                0x08000648                        _sidata = LOADADDR (.data)

.rel.dyn        0x08000648        0x0
 .rel.iplt      0x08000648        0x0 D:/stm32cubeIDE/STM32CubeIDE_1.17.0/STM32CubeIDE/plugins/com.st.stm32cube.ide.mcu.externaltools.gnu-tools-for-stm32.12.3.rel1.win32_1.1.0.202410251130/tools/bin/../lib/gcc/arm-none-eabi/12.3.1/thumb/v7e-m+fp/hard/crtbegin.o

.data           0x20000000        0x4 load address 0x08000648
                0x20000000                        . = ALIGN (0x4)
                0x20000000                        _sdata = .
 *(.data)
 *(.data*)
 .data.uwTickFreq
                0x20000000        0x1 ./Drivers/STM32F4xx_HAL_Driver/Src/stm32f4xx_hal.o
                0x20000000                uwTickFreq
 *(.RamFunc)
 *(.RamFunc*)
                0x20000004                        . = ALIGN (0x4)
 *fill*         0x20000001        0x3 
                0x20000004                        _edata = .

.igot.plt       0x20000004        0x0 load address 0x0800064c
 .igot.plt      0x20000004        0x0 D:/stm32cubeIDE/STM32CubeIDE_1.17.0/STM32CubeIDE/plugins/com.st.stm32cube.ide.mcu.externaltools.gnu-tools-for-stm32.12.3.rel1.win32_1.1.0.202410251130/tools/bin/../lib/gcc/arm-none-eabi/12.3.1/thumb/v7e-m+fp/hard/crtbegin.o
                0x20000004                        . = ALIGN (0x4)

.bss            0x20000004       0x3c load address 0x0800064c
                0x20000004                        _sbss = .
                0x20000004                        __bss_start__ = _sbss
 *(.bss)
 .bss           0x20000004       0x1c D:/stm32cubeIDE/STM32CubeIDE_1.17.0/STM32CubeIDE/plugins/com.st.stm32cube.ide.mcu.externaltools.gnu-tools-for-stm32.12.3.rel1.win32_1.1.0.202410251130/tools/bin/../lib/gcc/arm-none-eabi/12.3.1/thumb/v7e-m+fp/hard/crtbegin.o
 *(.bss*)
 .bss.buttonFlag
                0x20000020        0x1 ./Core/Src/main.o
                0x20000020                buttonFlag
 .bss.ledState  0x20000021        0x1 ./Core/Src/main.o
                0x20000021                ledState
 *fill*         0x20000022        0x2 
 .bss.rxBuf     0x20000024       0x14 ./Core/Src/main.o
                0x20000024                rxBuf
 .bss.rxIndex   0x20000038        0x1 ./Core/Src/main.o
                0x20000038                rxIndex
 *fill*         0x20000039        0x3 
 .bss.uwTick    0x2000003c        0x4 ./Drivers/STM32F4xx_HAL_Driver/Src/stm32f4xx_hal.o
                0x2000003c                uwTick
 *(COMMON)
                0x20000040                        . = ALIGN (0x4)
                0x20000040                        _ebss = .
                0x20000040                        __bss_end__ = _ebss

._user_heap_stack
                0x20000040      0x600 load address 0x0800064c
                0x20000040                        . = ALIGN (0x8)
                [!provide]                        PROVIDE (end = .)
                0x20000040                        PROVIDE (_end = .)
                0x20000240                        . = (. + _Min_Heap_Size)
 *fill*         0x20000040      0x200 
                0x20000640                        . = (. + _Min_Stack_Size)
 *fill*         0x20000240      0x400 
                0x20000640                        . = ALIGN (0x8)

/DISCARD/
 libc.a(*)
 libm.a(*)
 libgcc.a(*)

.ARM.attributes
                0x00000000       0x30
 *(.ARM.attributes)
 .ARM.attributes
                0x00000000       0x22 D:/stm32cubeIDE/STM32CubeIDE_1.17.0/STM32CubeIDE/plugins/com.st.stm32cube.ide.mcu.externaltools.gnu-tools-for-stm32.12.3.rel1.win32_1.1.0.202410251130/tools/bin/../lib/gcc/arm-none-eabi/12.3.1/thumb/v7e-m+fp/hard/crti.o
 .ARM.attributes
                0x00000022       0x34 D:/stm32cubeIDE/STM32CubeIDE_1.17.0/STM32CubeIDE/plugins/com.st.stm32cube.ide.mcu.externaltools.gnu-tools-for-stm32.12.3.rel1.win32_1.1.0.202410251130/tools/bin/../lib/gcc/arm-none-eabi/12.3.1/thumb/v7e-m+fp/hard/crtbegin.o
 .ARM.attributes
                0x00000056       0x34 ./Core/Src/main.o
 .ARM.attributes
                0x0000008a       0x34 ./Core/Src/stm32f4xx_it.o
 .ARM.attributes
                0x000000be       0x34 ./Core/Src/system_stm32f4xx.o
 .ARM.attributes
                0x000000f2       0x21 ./Core/Startup/startup_stm32f401ccux.o
 .ARM.attributes
                0x00000113       0x34 ./Drivers/STM32F4xx_HAL_Driver/Src/stm32f4xx_hal.o
 .ARM.attributes
                0x00000147       0x34 D:/stm32cubeIDE/STM32CubeIDE_1.17.0/STM32CubeIDE/plugins/com.st.stm32cube.ide.mcu.externaltools.gnu-tools-for-stm32.12.3.rel1.win32_1.1.0.202410251130/tools/bin/../lib/gcc/arm-none-eabi/12.3.1/../../../../arm-none-eabi/lib/thumb/v7e-m+fp/hard\libc_nano.a(libc_a-strstr.o)
 .ARM.attributes
                0x0000017b       0x34 D:/stm32cubeIDE/STM32CubeIDE_1.17.0/STM32CubeIDE/plugins/com.st.stm32cube.ide.mcu.externaltools.gnu-tools-for-stm32.12.3.rel1.win32_1.1.0.202410251130/tools/bin/../lib/gcc/arm-none-eabi/12.3.1/../../../../arm-none-eabi/lib/thumb/v7e-m+fp/hard\libc_nano.a(libc_a-init.o)
 .ARM.attributes
                0x000001af       0x22 D:/stm32cubeIDE/STM32CubeIDE_1.17.0/STM32CubeIDE/plugins/com.st.stm32cube.ide.mcu.externaltools.gnu-tools-for-stm32.12.3.rel1.win32_1.1.0.202410251130/tools/bin/../lib/gcc/arm-none-eabi/12.3.1/thumb/v7e-m+fp/hard/crtn.o
OUTPUT(UART_SENDER.elf elf32-littlearm)
LOAD linker stubs
LOAD D:/stm32cubeIDE/STM32CubeIDE_1.17.0/STM32CubeIDE/plugins/com.st.stm32cube.ide.mcu.externaltools.gnu-tools-for-stm32.12.3.rel1.win32_1.1.0.202410251130/tools/bin/../lib/gcc/arm-none-eabi/12.3.1/../../../../arm-none-eabi/lib/thumb/v7e-m+fp/hard\libc.a
LOAD D:/stm32cubeIDE/STM32CubeIDE_1.17.0/STM32CubeIDE/plugins/com.st.stm32cube.ide.mcu.externaltools.gnu-tools-for-stm32.12.3.rel1.win32_1.1.0.202410251130/tools/bin/../lib/gcc/arm-none-eabi/12.3.1/../../../../arm-none-eabi/lib/thumb/v7e-m+fp/hard\libm.a
LOAD D:/stm32cubeIDE/STM32CubeIDE_1.17.0/STM32CubeIDE/plugins/com.st.stm32cube.ide.mcu.externaltools.gnu-tools-for-stm32.12.3.rel1.win32_1.1.0.202410251130/tools/bin/../lib/gcc/arm-none-eabi/12.3.1/thumb/v7e-m+fp/hard\libgcc.a

.debug_info     0x00000000     0x17fc
 .debug_info    0x00000000      0x8c1 ./Core/Src/main.o
 .debug_info    0x000008c1      0x112 ./Core/Src/stm32f4xx_it.o
 .debug_info    0x000009d3      0x53e ./Core/Src/system_stm32f4xx.o
 .debug_info    0x00000f11       0x30 ./Core/Startup/startup_stm32f401ccux.o
 .debug_info    0x00000f41      0x8bb ./Drivers/STM32F4xx_HAL_Driver/Src/stm32f4xx_hal.o

.debug_abbrev   0x00000000      0x649
 .debug_abbrev  0x00000000      0x24d ./Core/Src/main.o
 .debug_abbrev  0x0000024d       0x73 ./Core/Src/stm32f4xx_it.o
 .debug_abbrev  0x000002c0      0x11a ./Core/Src/system_stm32f4xx.o
 .debug_abbrev  0x000003da       0x24 ./Core/Startup/startup_stm32f401ccux.o
 .debug_abbrev  0x000003fe      0x24b ./Drivers/STM32F4xx_HAL_Driver/Src/stm32f4xx_hal.o

.debug_aranges  0x00000000      0x1f8
 .debug_aranges
                0x00000000       0x58 ./Core/Src/main.o
 .debug_aranges
                0x00000058       0x60 ./Core/Src/stm32f4xx_it.o
 .debug_aranges
                0x000000b8       0x28 ./Core/Src/system_stm32f4xx.o
 .debug_aranges
                0x000000e0       0x28 ./Core/Startup/startup_stm32f401ccux.o
 .debug_aranges
                0x00000108       0xf0 ./Drivers/STM32F4xx_HAL_Driver/Src/stm32f4xx_hal.o

.debug_rnglists
                0x00000000      0x163
 .debug_rnglists
                0x00000000       0x3e ./Core/Src/main.o
 .debug_rnglists
                0x0000003e       0x43 ./Core/Src/stm32f4xx_it.o
 .debug_rnglists
                0x00000081       0x1a ./Core/Src/system_stm32f4xx.o
 .debug_rnglists
                0x0000009b       0x19 ./Core/Startup/startup_stm32f401ccux.o
 .debug_rnglists
                0x000000b4       0xaf ./Drivers/STM32F4xx_HAL_Driver/Src/stm32f4xx_hal.o

.debug_macro    0x00000000    0x14688
 .debug_macro   0x00000000      0x288 ./Core/Src/main.o
 .debug_macro   0x00000288      0xab4 ./Core/Src/main.o
 .debug_macro   0x00000d3c       0x2e ./Core/Src/main.o
 .debug_macro   0x00000d6a       0x28 ./Core/Src/main.o
 .debug_macro   0x00000d92       0x22 ./Core/Src/main.o
 .debug_macro   0x00000db4       0x8e ./Core/Src/main.o
 .debug_macro   0x00000e42       0x51 ./Core/Src/main.o
 .debug_macro   0x00000e93      0x103 ./Core/Src/main.o
 .debug_macro   0x00000f96       0x6a ./Core/Src/main.o
 .debug_macro   0x00001000      0x1df ./Core/Src/main.o
 .debug_macro   0x000011df       0x1c ./Core/Src/main.o
 .debug_macro   0x000011fb       0x22 ./Core/Src/main.o
 .debug_macro   0x0000121d       0xfb ./Core/Src/main.o
 .debug_macro   0x00001318     0x1011 ./Core/Src/main.o
 .debug_macro   0x00002329      0x11f ./Core/Src/main.o
 .debug_macro   0x00002448     0xb86c ./Core/Src/main.o
 .debug_macro   0x0000dcb4       0x6d ./Core/Src/main.o
 .debug_macro   0x0000dd21      0x295 ./Core/Src/main.o
 .debug_macro   0x0000dfb6     0x369a ./Core/Src/main.o
 .debug_macro   0x00011650      0x189 ./Core/Src/main.o
 .debug_macro   0x000117d9       0x5c ./Core/Src/main.o
 .debug_macro   0x00011835      0x416 ./Core/Src/main.o
 .debug_macro   0x00011c4b      0x9e9 ./Core/Src/main.o
 .debug_macro   0x00012634      0x115 ./Core/Src/main.o
 .debug_macro   0x00012749       0xf8 ./Core/Src/main.o
 .debug_macro   0x00012841       0xa5 ./Core/Src/main.o
 .debug_macro   0x000128e6      0x15f ./Core/Src/main.o
 .debug_macro   0x00012a45      0x287 ./Core/Src/main.o
 .debug_macro   0x00012ccc       0x5f ./Core/Src/main.o
 .debug_macro   0x00012d2b      0x236 ./Core/Src/main.o
 .debug_macro   0x00012f61      0x132 ./Core/Src/main.o
 .debug_macro   0x00013093      0x23a ./Core/Src/main.o
 .debug_macro   0x000132cd       0x2e ./Core/Src/main.o
 .debug_macro   0x000132fb      0x127 ./Core/Src/main.o
 .debug_macro   0x00013422       0x85 ./Core/Src/main.o
 .debug_macro   0x000134a7       0x89 ./Core/Src/main.o
 .debug_macro   0x00013530      0x2aa ./Core/Src/main.o
 .debug_macro   0x000137da      0x126 ./Core/Src/main.o
 .debug_macro   0x00013900       0x61 ./Core/Src/main.o
 .debug_macro   0x00013961       0x2a ./Core/Src/main.o
 .debug_macro   0x0001398b       0x43 ./Core/Src/main.o
 .debug_macro   0x000139ce       0x34 ./Core/Src/main.o
 .debug_macro   0x00013a02       0x16 ./Core/Src/main.o
 .debug_macro   0x00013a18       0x43 ./Core/Src/main.o
 .debug_macro   0x00013a5b       0x34 ./Core/Src/main.o
 .debug_macro   0x00013a8f       0x10 ./Core/Src/main.o
 .debug_macro   0x00013a9f       0x58 ./Core/Src/main.o
 .debug_macro   0x00013af7       0x8e ./Core/Src/main.o
 .debug_macro   0x00013b85       0x1c ./Core/Src/main.o
 .debug_macro   0x00013ba1      0x177 ./Core/Src/main.o
 .debug_macro   0x00013d18      0x369 ./Core/Src/main.o
 .debug_macro   0x00014081       0x10 ./Core/Src/main.o
 .debug_macro   0x00014091       0x35 ./Core/Src/main.o
 .debug_macro   0x000140c6       0x20 ./Core/Src/main.o
 .debug_macro   0x000140e6      0x1ce ./Core/Src/stm32f4xx_it.o
 .debug_macro   0x000142b4      0x1ba ./Core/Src/system_stm32f4xx.o
 .debug_macro   0x0001446e      0x21a ./Drivers/STM32F4xx_HAL_Driver/Src/stm32f4xx_hal.o

.debug_line     0x00000000     0x2504
 .debug_line    0x00000000      0xb2d ./Core/Src/main.o
 .debug_line    0x00000b2d      0x7d0 ./Core/Src/stm32f4xx_it.o
 .debug_line    0x000012fd      0x792 ./Core/Src/system_stm32f4xx.o
 .debug_line    0x00001a8f       0x7a ./Core/Startup/startup_stm32f401ccux.o
 .debug_line    0x00001b09      0x9fb ./Drivers/STM32F4xx_HAL_Driver/Src/stm32f4xx_hal.o

.debug_str      0x00000000    0x82ed5
 .debug_str     0x00000000    0x82663 ./Core/Src/main.o
                              0x82919 (size before relaxing)
 .debug_str     0x00082663       0xd3 ./Core/Src/stm32f4xx_it.o
                              0x7f261 (size before relaxing)
 .debug_str     0x00082736       0xdb ./Core/Src/system_stm32f4xx.o
                              0x7f39d (size before relaxing)
 .debug_str     0x00082811       0x44 ./Core/Startup/startup_stm32f401ccux.o
                                 0x6f (size before relaxing)
 .debug_str     0x00082855      0x680 ./Drivers/STM32F4xx_HAL_Driver/Src/stm32f4xx_hal.o
                              0x7fdbf (size before relaxing)

.comment        0x00000000       0x43
 .comment       0x00000000       0x43 ./Core/Src/main.o
                                 0x44 (size before relaxing)
 .comment       0x00000043       0x44 ./Core/Src/stm32f4xx_it.o
 .comment       0x00000043       0x44 ./Core/Src/system_stm32f4xx.o
 .comment       0x00000043       0x44 ./Drivers/STM32F4xx_HAL_Driver/Src/stm32f4xx_hal.o

.debug_frame    0x00000000      0x64c
 .debug_frame   0x00000000      0x124 ./Core/Src/main.o
 .debug_frame   0x00000124      0x104 ./Core/Src/stm32f4xx_it.o
 .debug_frame   0x00000228       0x58 ./Core/Src/system_stm32f4xx.o
 .debug_frame   0x00000280      0x374 ./Drivers/STM32F4xx_HAL_Driver/Src/stm32f4xx_hal.o
 .debug_frame   0x000005f4       0x2c D:/stm32cubeIDE/STM32CubeIDE_1.17.0/STM32CubeIDE/plugins/com.st.stm32cube.ide.mcu.externaltools.gnu-tools-for-stm32.12.3.rel1.win32_1.1.0.202410251130/tools/bin/../lib/gcc/arm-none-eabi/12.3.1/../../../../arm-none-eabi/lib/thumb/v7e-m+fp/hard\libc_nano.a(libc_a-strstr.o)
 .debug_frame   0x00000620       0x2c D:/stm32cubeIDE/STM32CubeIDE_1.17.0/STM32CubeIDE/plugins/com.st.stm32cube.ide.mcu.externaltools.gnu-tools-for-stm32.12.3.rel1.win32_1.1.0.202410251130/tools/bin/../lib/gcc/arm-none-eabi/12.3.1/../../../../arm-none-eabi/lib/thumb/v7e-m+fp/hard\libc_nano.a(libc_a-init.o)

.debug_line_str
                0x00000000       0x53
 .debug_line_str
                0x00000000       0x53 ./Core/Startup/startup_stm32f401ccux.o
